components/dashboard/YouTubeStatsCard.tsx(1,8): error TS1259: Module '"C:/Users/ADMIN/Desktop/A Tung/seenweb-main/seenweb-main/node_modules/@types/react/index"' can only be default-imported using the 'esModuleInterop' flag
components/dashboard/YouTubeStatsCard.tsx(5,29): error TS2307: Cannot find module '@/lib/plans' or its corresponding type declarations.
components/dashboard/YouTubeStatsCard.tsx(6,27): error TS6142: Module './CheckoutModal' was resolved to 'C:/Users/ADMIN/Desktop/A Tung/seenweb-main/seenweb-main/components/dashboard/CheckoutModal.tsx', but '--jsx' is not set.
components/dashboard/YouTubeStatsCard.tsx(8,29): error TS6142: Module './HealthCheckCard' was resolved to 'C:/Users/ADMIN/Desktop/A Tung/seenweb-main/seenweb-main/components/dashboard/HealthCheckCard.tsx', but '--jsx' is not set.
components/dashboard/YouTubeStatsCard.tsx(9,30): error TS6142: Module './RecentVideosList' was resolved to 'C:/Users/ADMIN/Desktop/A Tung/seenweb-main/seenweb-main/components/dashboard/RecentVideosList.tsx', but '--jsx' is not set.
components/dashboard/YouTubeStatsCard.tsx(10,31): error TS6142: Module './ChannelStatsCards' was resolved to 'C:/Users/ADMIN/Desktop/A Tung/seenweb-main/seenweb-main/components/dashboard/ChannelStatsCards.tsx', but '--jsx' is not set.
components/dashboard/YouTubeStatsCard.tsx(11,33): error TS6142: Module './ChannelVideosTables' was resolved to 'C:/Users/ADMIN/Desktop/A Tung/seenweb-main/seenweb-main/components/dashboard/ChannelVideosTables.tsx', but '--jsx' is not set.
components/dashboard/YouTubeStatsCard.tsx(12,31): error TS6142: Module './ChannelAuditModal' was resolved to 'C:/Users/ADMIN/Desktop/A Tung/seenweb-main/seenweb-main/components/dashboard/ChannelAuditModal.tsx', but '--jsx' is not set.
components/dashboard/YouTubeStatsCard.tsx(13,29): error TS6142: Module './VideoAuditModal' was resolved to 'C:/Users/ADMIN/Desktop/A Tung/seenweb-main/seenweb-main/components/dashboard/VideoAuditModal.tsx', but '--jsx' is not set.
components/dashboard/YouTubeStatsCard.tsx(14,28): error TS6142: Module './DailyIdeasCard' was resolved to 'C:/Users/ADMIN/Desktop/A Tung/seenweb-main/seenweb-main/components/dashboard/DailyIdeasCard.tsx', but '--jsx' is not set.
components/dashboard/YouTubeStatsCard.tsx(157,25): error TS17004: Cannot use JSX unless the '--jsx' flag is provided.
components/dashboard/YouTubeStatsCard.tsx(198,9): error TS17004: Cannot use JSX unless the '--jsx' flag is provided.
components/dashboard/YouTubeStatsCard.tsx(201,17): error TS17004: Cannot use JSX unless the '--jsx' flag is provided.
components/dashboard/YouTubeStatsCard.tsx(208,17): error TS17004: Cannot use JSX unless the '--jsx' flag is provided.
components/dashboard/YouTubeStatsCard.tsx(209,21): error TS17004: Cannot use JSX unless the '--jsx' flag is provided.
components/dashboard/YouTubeStatsCard.tsx(210,25): error TS17004: Cannot use JSX unless the '--jsx' flag is provided.
components/dashboard/YouTubeStatsCard.tsx(213,25): error TS17004: Cannot use JSX unless the '--jsx' flag is provided.
components/dashboard/YouTubeStatsCard.tsx(217,21): error TS17004: Cannot use JSX unless the '--jsx' flag is provided.
components/dashboard/YouTubeStatsCard.tsx(221,25): error TS17004: Cannot use JSX unless the '--jsx' flag is provided.
components/dashboard/YouTubeStatsCard.tsx(222,29): error TS17004: Cannot use JSX unless the '--jsx' flag is provided.
components/dashboard/YouTubeStatsCard.tsx(229,17): error TS17004: Cannot use JSX unless the '--jsx' flag is provided.
components/dashboard/YouTubeStatsCard.tsx(231,21): error TS17004: Cannot use JSX unless the '--jsx' flag is provided.
components/dashboard/YouTubeStatsCard.tsx(234,25): error TS17004: Cannot use JSX unless the '--jsx' flag is provided.
components/dashboard/YouTubeStatsCard.tsx(235,29): error TS17004: Cannot use JSX unless the '--jsx' flag is provided.
components/dashboard/YouTubeStatsCard.tsx(239,33): error TS17004: Cannot use JSX unless the '--jsx' flag is provided.
components/dashboard/YouTubeStatsCard.tsx(244,33): error TS17004: Cannot use JSX unless the '--jsx' flag is provided.
components/dashboard/YouTubeStatsCard.tsx(245,37): error TS17004: Cannot use JSX unless the '--jsx' flag is provided.
components/dashboard/YouTubeStatsCard.tsx(246,37): error TS17004: Cannot use JSX unless the '--jsx' flag is provided.
components/dashboard/YouTubeStatsCard.tsx(247,41): error TS17004: Cannot use JSX unless the '--jsx' flag is provided.
components/dashboard/YouTubeStatsCard.tsx(251,33): error TS17004: Cannot use JSX unless the '--jsx' flag is provided.
components/dashboard/YouTubeStatsCard.tsx(251,187): error TS17004: Cannot use JSX unless the '--jsx' flag is provided.
components/dashboard/YouTubeStatsCard.tsx(256,33): error TS17004: Cannot use JSX unless the '--jsx' flag is provided.
components/dashboard/YouTubeStatsCard.tsx(257,37): error TS17004: Cannot use JSX unless the '--jsx' flag is provided.
components/dashboard/YouTubeStatsCard.tsx(259,45): error TS17004: Cannot use JSX unless the '--jsx' flag is provided.
components/dashboard/YouTubeStatsCard.tsx(264,49): error TS17004: Cannot use JSX unless the '--jsx' flag is provided.
components/dashboard/YouTubeStatsCard.tsx(265,49): error TS17004: Cannot use JSX unless the '--jsx' flag is provided.
components/dashboard/YouTubeStatsCard.tsx(266,53): error TS17004: Cannot use JSX unless the '--jsx' flag is provided.
components/dashboard/YouTubeStatsCard.tsx(268,88): error TS17004: Cannot use JSX unless the '--jsx' flag is provided.
components/dashboard/YouTubeStatsCard.tsx(268,119): error TS17004: Cannot use JSX unless the '--jsx' flag is provided.
components/dashboard/YouTubeStatsCard.tsx(272,37): error TS17004: Cannot use JSX unless the '--jsx' flag is provided.
components/dashboard/YouTubeStatsCard.tsx(273,41): error TS17004: Cannot use JSX unless the '--jsx' flag is provided.
components/dashboard/YouTubeStatsCard.tsx(277,45): error TS17004: Cannot use JSX unless the '--jsx' flag is provided.
components/dashboard/YouTubeStatsCard.tsx(277,64): error TS17004: Cannot use JSX unless the '--jsx' flag is provided.
components/dashboard/YouTubeStatsCard.tsx(285,25): error TS17004: Cannot use JSX unless the '--jsx' flag is provided.
components/dashboard/YouTubeStatsCard.tsx(286,29): error TS17004: Cannot use JSX unless the '--jsx' flag is provided.
components/dashboard/YouTubeStatsCard.tsx(292,33): error TS17004: Cannot use JSX unless the '--jsx' flag is provided.
components/dashboard/YouTubeStatsCard.tsx(292,149): error TS17004: Cannot use JSX unless the '--jsx' flag is provided.
components/dashboard/YouTubeStatsCard.tsx(295,29): error TS17004: Cannot use JSX unless the '--jsx' flag is provided.
components/dashboard/YouTubeStatsCard.tsx(300,29): error TS17004: Cannot use JSX unless the '--jsx' flag is provided.
components/dashboard/YouTubeStatsCard.tsx(305,33): error TS17004: Cannot use JSX unless the '--jsx' flag is provided.
components/dashboard/YouTubeStatsCard.tsx(309,29): error TS17004: Cannot use JSX unless the '--jsx' flag is provided.
components/dashboard/YouTubeStatsCard.tsx(314,33): error TS17004: Cannot use JSX unless the '--jsx' flag is provided.
components/dashboard/YouTubeStatsCard.tsx(344,29): error TS17004: Cannot use JSX unless the '--jsx' flag is provided.
components/dashboard/YouTubeStatsCard.tsx(345,33): error TS17004: Cannot use JSX unless the '--jsx' flag is provided.
components/dashboard/YouTubeStatsCard.tsx(347,33): error TS17004: Cannot use JSX unless the '--jsx' flag is provided.
components/dashboard/YouTubeStatsCard.tsx(350,37): error TS17004: Cannot use JSX unless the '--jsx' flag is provided.
components/dashboard/YouTubeStatsCard.tsx(359,37): error TS17004: Cannot use JSX unless the '--jsx' flag is provided.
components/dashboard/YouTubeStatsCard.tsx(365,37): error TS17004: Cannot use JSX unless the '--jsx' flag is provided.
components/dashboard/YouTubeStatsCard.tsx(366,41): error TS17004: Cannot use JSX unless the '--jsx' flag is provided.
components/dashboard/YouTubeStatsCard.tsx(367,45): error TS17004: Cannot use JSX unless the '--jsx' flag is provided.
components/dashboard/YouTubeStatsCard.tsx(368,45): error TS17004: Cannot use JSX unless the '--jsx' flag is provided.
components/dashboard/YouTubeStatsCard.tsx(370,41): error TS17004: Cannot use JSX unless the '--jsx' flag is provided.
components/dashboard/YouTubeStatsCard.tsx(371,45): error TS17004: Cannot use JSX unless the '--jsx' flag is provided.
components/dashboard/YouTubeStatsCard.tsx(372,49): error TS17004: Cannot use JSX unless the '--jsx' flag is provided.
components/dashboard/YouTubeStatsCard.tsx(373,53): error TS17004: Cannot use JSX unless the '--jsx' flag is provided.
components/dashboard/YouTubeStatsCard.tsx(374,57): error TS17004: Cannot use JSX unless the '--jsx' flag is provided.
components/dashboard/YouTubeStatsCard.tsx(376,53): error TS17004: Cannot use JSX unless the '--jsx' flag is provided.
components/dashboard/YouTubeStatsCard.tsx(382,49): error TS17004: Cannot use JSX unless the '--jsx' flag is provided.
components/dashboard/YouTubeStatsCard.tsx(383,53): error TS17004: Cannot use JSX unless the '--jsx' flag is provided.
components/dashboard/YouTubeStatsCard.tsx(383,132): error TS17004: Cannot use JSX unless the '--jsx' flag is provided.
components/dashboard/YouTubeStatsCard.tsx(390,37): error TS17004: Cannot use JSX unless the '--jsx' flag is provided.
components/dashboard/YouTubeStatsCard.tsx(392,45): error TS17004: Cannot use JSX unless the '--jsx' flag is provided.
components/dashboard/YouTubeStatsCard.tsx(408,13): error TS17004: Cannot use JSX unless the '--jsx' flag is provided.
components/dashboard/YouTubeStatsCard.tsx(418,13): error TS17004: Cannot use JSX unless the '--jsx' flag is provided.
components/dashboard/YouTubeStatsCard.tsx(425,13): error TS17004: Cannot use JSX unless the '--jsx' flag is provided.
node_modules/next/dist/build/templates/app-page.d.ts(10,40): error TS2307: Cannot find module 'VAR_MODULE_GLOBAL_ERROR' or its corresponding type declarations.
node_modules/next/dist/build/webpack-config.d.ts(11,104): error TS2694: Namespace '"C:/Users/ADMIN/Desktop/A Tung/seenweb-main/seenweb-main/node_modules/next/dist/compiled/webpack/webpack".webpack' has no exported member 'RuleSetUseItem'.
node_modules/next/dist/build/webpack/loaders/next-app-loader.d.ts(1,13): error TS2613: Module '"C:/Users/ADMIN/Desktop/A Tung/seenweb-main/seenweb-main/node_modules/next/dist/compiled/webpack/webpack"' has no default export. Did you mean to use 'import { webpack } from "C:/Users/ADMIN/Desktop/A Tung/seenweb-main/seenweb-main/node_modules/next/dist/compiled/webpack/webpack"' instead?
node_modules/next/dist/build/webpack/plugins/define-env-plugin.d.ts(26,86): error TS2694: Namespace '"C:/Users/ADMIN/Desktop/A Tung/seenweb-main/seenweb-main/node_modules/next/dist/compiled/webpack/webpack".webpack' has no exported member 'DefinePlugin'.
node_modules/next/dist/client/components/error-boundary.d.ts(1,8): error TS1259: Module '"C:/Users/ADMIN/Desktop/A Tung/seenweb-main/seenweb-main/node_modules/@types/react/index"' can only be default-imported using the 'esModuleInterop' flag
node_modules/next/dist/client/components/layout-router.d.ts(3,8): error TS1259: Module '"C:/Users/ADMIN/Desktop/A Tung/seenweb-main/seenweb-main/node_modules/@types/react/index"' can only be default-imported using the 'esModuleInterop' flag
node_modules/next/dist/client/components/not-found-boundary.d.ts(1,8): error TS1259: Module '"C:/Users/ADMIN/Desktop/A Tung/seenweb-main/seenweb-main/node_modules/@types/react/index"' can only be default-imported using the 'esModuleInterop' flag
node_modules/next/dist/client/with-router.d.ts(1,8): error TS1259: Module '"C:/Users/ADMIN/Desktop/A Tung/seenweb-main/seenweb-main/node_modules/@types/react/index"' can only be default-imported using the 'esModuleInterop' flag
node_modules/next/dist/server/app-render/entry-base.d.ts(1,85): error TS2307: Cannot find module 'react-server-dom-webpack/server.edge' or its corresponding type declarations.
node_modules/next/dist/server/render.d.ts(17,8): error TS1259: Module '"C:/Users/ADMIN/Desktop/A Tung/seenweb-main/seenweb-main/node_modules/@types/react/index"' can only be default-imported using the 'esModuleInterop' flag
node_modules/next/dist/shared/lib/amp-context.shared-runtime.d.ts(1,8): error TS1259: Module '"C:/Users/ADMIN/Desktop/A Tung/seenweb-main/seenweb-main/node_modules/@types/react/index"' can only be default-imported using the 'esModuleInterop' flag
node_modules/next/dist/shared/lib/app-router-context.shared-runtime.d.ts(4,8): error TS1259: Module '"C:/Users/ADMIN/Desktop/A Tung/seenweb-main/seenweb-main/node_modules/@types/react/index"' can only be default-imported using the 'esModuleInterop' flag
node_modules/next/dist/shared/lib/head-manager-context.shared-runtime.d.ts(1,8): error TS1259: Module '"C:/Users/ADMIN/Desktop/A Tung/seenweb-main/seenweb-main/node_modules/@types/react/index"' can only be default-imported using the 'esModuleInterop' flag
node_modules/next/dist/shared/lib/image-config-context.shared-runtime.d.ts(1,8): error TS1259: Module '"C:/Users/ADMIN/Desktop/A Tung/seenweb-main/seenweb-main/node_modules/@types/react/index"' can only be default-imported using the 'esModuleInterop' flag
node_modules/next/dist/shared/lib/loadable-context.shared-runtime.d.ts(1,8): error TS1259: Module '"C:/Users/ADMIN/Desktop/A Tung/seenweb-main/seenweb-main/node_modules/@types/react/index"' can only be default-imported using the 'esModuleInterop' flag
node_modules/next/dist/shared/lib/loadable.shared-runtime.d.ts(21,8): error TS1259: Module '"C:/Users/ADMIN/Desktop/A Tung/seenweb-main/seenweb-main/node_modules/@types/react/index"' can only be default-imported using the 'esModuleInterop' flag
node_modules/next/dist/shared/lib/router-context.shared-runtime.d.ts(1,8): error TS1259: Module '"C:/Users/ADMIN/Desktop/A Tung/seenweb-main/seenweb-main/node_modules/@types/react/index"' can only be default-imported using the 'esModuleInterop' flag
node_modules/next/dist/shared/lib/server-inserted-html.shared-runtime.d.ts(1,8): error TS1259: Module '"C:/Users/ADMIN/Desktop/A Tung/seenweb-main/seenweb-main/node_modules/@types/react/index"' can only be default-imported using the 'esModuleInterop' flag
node_modules/next/dist/shared/lib/utils.d.ts(12,13): error TS1192: Module '"fs"' has no default export.
node_modules/next/types/index.d.ts(10,13): error TS1259: Module '"C:/Users/ADMIN/Desktop/A Tung/seenweb-main/seenweb-main/node_modules/@types/react/index"' can only be default-imported using the 'esModuleInterop' flag
